// Jest Snapshot v1, https://goo.gl/fbAQLP

exports[`should render <Bubble /> and compare with snapshot 1`] = `
<View
  style={
    [
      {
        "alignItems": "flex-start",
        "flex": 1,
      },
      undefined,
    ]
  }
>
  <View
    style={
      [
        undefined,
      ]
    }
  >
    <View
      accessibilityRole="text"
      accessibilityState={
        {
          "busy": undefined,
          "checked": undefined,
          "disabled": undefined,
          "expanded": undefined,
          "selected": undefined,
        }
      }
      accessible={true}
      focusable={true}
      onClick={[Function]}
      onResponderGrant={[Function]}
      onResponderMove={[Function]}
      onResponderRelease={[Function]}
      onResponderTerminate={[Function]}
      onResponderTerminationRequest={[Function]}
      onStartShouldSetResponder={[Function]}
    />
  </View>
</View>
`;
