// Jest Snapshot v1, https://goo.gl/fbAQLP

exports[`Message component should NOT render <Message /> 1`] = `
<View>
  <View
    style={
      [
        {
          "alignItems": "center",
          "justifyContent": "center",
          "marginBottom": 10,
          "marginTop": 5,
        },
        undefined,
      ]
    }
  >
    <View>
      <Text
        style={
          [
            {
              "backgroundColor": "transparent",
              "color": "#b2b2b2",
              "fontSize": 12,
              "fontWeight": "600",
            },
            undefined,
          ]
        }
      />
    </View>
  </View>
  <View
    style={
      [
        {
          "alignItems": "flex-end",
          "flexDirection": "row",
          "justifyContent": "flex-start",
          "marginLeft": 8,
          "marginRight": 0,
        },
        {
          "marginBottom": 8.56,
        },
        false,
        undefined,
      ]
    }
  >
    <View
      style={
        [
          {
            "alignItems": "flex-start",
            "flex": 1,
          },
          undefined,
        ]
      }
    >
      <View
        style={
          [
            undefined,
          ]
        }
      >
        <View
          accessibilityRole="text"
          accessibilityState={
            {
              "busy": undefined,
              "checked": undefined,
              "disabled": undefined,
              "expanded": undefined,
              "selected": undefined,
            }
          }
          accessible={true}
          focusable={true}
          onClick={[Function]}
          onResponderGrant={[Function]}
          onResponderMove={[Function]}
          onResponderRelease={[Function]}
          onResponderTerminate={[Function]}
          onResponderTerminationRequest={[Function]}
          onStartShouldSetResponder={[Function]}
        />
      </View>
    </View>
  </View>
</View>
`;

exports[`Message component should render <Message /> and compare with snapshot 1`] = `
<View>
  <View
    style={
      [
        {
          "alignItems": "center",
          "justifyContent": "center",
          "marginBottom": 10,
          "marginTop": 5,
        },
        undefined,
      ]
    }
  >
    <View>
      <Text
        style={
          [
            {
              "backgroundColor": "transparent",
              "color": "#b2b2b2",
              "fontSize": 12,
              "fontWeight": "600",
            },
            undefined,
          ]
        }
      />
    </View>
  </View>
  <View
    style={
      [
        {
          "alignItems": "flex-end",
          "flexDirection": "row",
          "justifyContent": "flex-start",
          "marginLeft": 8,
          "marginRight": 0,
        },
        {
          "marginBottom": 8.56,
        },
        false,
        undefined,
      ]
    }
  >
    <View
      style={
        [
          {
            "alignItems": "flex-start",
            "flex": 1,
          },
          undefined,
        ]
      }
    >
      <View
        style={
          [
            undefined,
          ]
        }
      >
        <View
          accessibilityRole="text"
          accessibilityState={
            {
              "busy": undefined,
              "checked": undefined,
              "disabled": undefined,
              "expanded": undefined,
              "selected": undefined,
            }
          }
          accessible={true}
          focusable={true}
          onClick={[Function]}
          onResponderGrant={[Function]}
          onResponderMove={[Function]}
          onResponderRelease={[Function]}
          onResponderTerminate={[Function]}
          onResponderTerminationRequest={[Function]}
          onStartShouldSetResponder={[Function]}
        />
      </View>
    </View>
  </View>
</View>
`;

exports[`Message component should render <Message /> with Avatar 1`] = `
<View>
  <View
    style={
      [
        {
          "alignItems": "center",
          "justifyContent": "center",
          "marginBottom": 10,
          "marginTop": 5,
        },
        undefined,
      ]
    }
  >
    <View>
      <Text
        style={
          [
            {
              "backgroundColor": "transparent",
              "color": "#b2b2b2",
              "fontSize": 12,
              "fontWeight": "600",
            },
            undefined,
          ]
        }
      />
    </View>
  </View>
  <View
    style={
      [
        {
          "alignItems": "flex-end",
          "flexDirection": "row",
          "justifyContent": "flex-start",
          "marginLeft": 8,
          "marginRight": 0,
        },
        {
          "marginBottom": 8.56,
        },
        false,
        undefined,
      ]
    }
  >
    <View
      style={
        [
          {
            "alignItems": "flex-start",
            "flex": 1,
          },
          undefined,
        ]
      }
    >
      <View
        style={
          [
            undefined,
          ]
        }
      >
        <View
          accessibilityRole="text"
          accessibilityState={
            {
              "busy": undefined,
              "checked": undefined,
              "disabled": undefined,
              "expanded": undefined,
              "selected": undefined,
            }
          }
          accessible={true}
          focusable={true}
          onClick={[Function]}
          onResponderGrant={[Function]}
          onResponderMove={[Function]}
          onResponderRelease={[Function]}
          onResponderTerminate={[Function]}
          onResponderTerminationRequest={[Function]}
          onStartShouldSetResponder={[Function]}
        />
      </View>
    </View>
  </View>
</View>
`;

exports[`Message component should render null if user has no Avatar 1`] = `
<View>
  <View
    style={
      [
        {
          "alignItems": "center",
          "justifyContent": "center",
          "marginBottom": 10,
          "marginTop": 5,
        },
        undefined,
      ]
    }
  >
    <View>
      <Text
        style={
          [
            {
              "backgroundColor": "transparent",
              "color": "#b2b2b2",
              "fontSize": 12,
              "fontWeight": "600",
            },
            undefined,
          ]
        }
      />
    </View>
  </View>
  <View
    style={
      [
        {
          "alignItems": "flex-end",
          "flexDirection": "row",
          "justifyContent": "flex-start",
          "marginLeft": 8,
          "marginRight": 0,
        },
        {
          "marginBottom": 8.56,
        },
        false,
        undefined,
      ]
    }
  >
    <View
      style={
        [
          {
            "alignItems": "flex-start",
            "flex": 1,
          },
          undefined,
        ]
      }
    >
      <View
        style={
          [
            undefined,
          ]
        }
      >
        <View
          accessibilityRole="text"
          accessibilityState={
            {
              "busy": undefined,
              "checked": undefined,
              "disabled": undefined,
              "expanded": undefined,
              "selected": undefined,
            }
          }
          accessible={true}
          focusable={true}
          onClick={[Function]}
          onResponderGrant={[Function]}
          onResponderMove={[Function]}
          onResponderRelease={[Function]}
          onResponderTerminate={[Function]}
          onResponderTerminationRequest={[Function]}
          onStartShouldSetResponder={[Function]}
        />
      </View>
    </View>
  </View>
</View>
`;
