// Jest Snapshot v1, https://goo.gl/fbAQLP

exports[`MessageImage should  render <MessageImage /> and compare with snapshot 1`] = `
<View
  style={
    [
      {},
      undefined,
    ]
  }
>
  <View
    onLayout={[Function]}
  >
    <View
      collapsable={false}
      style={
        {
          "opacity": 1,
        }
      }
    >
      <View
        accessibilityState={
          {
            "disabled": false,
          }
        }
        accessibilityValue={
          {
            "max": undefined,
            "min": undefined,
            "now": undefined,
            "text": undefined,
          }
        }
        accessible={true}
        focusable={true}
        onClick={[Function]}
        onResponderGrant={[Function]}
        onResponderMove={[Function]}
        onResponderRelease={[Function]}
        onResponderTerminate={[Function]}
        onResponderTerminationRequest={[Function]}
        onStartShouldSetResponder={[Function]}
      >
        <Image
          source={
            {
              "uri": "url://to/image.png",
            }
          }
          style={
            [
              {
                "borderRadius": 13,
                "height": 100,
                "margin": 3,
                "resizeMode": "cover",
                "width": 150,
              },
              undefined,
            ]
          }
        />
      </View>
    </View>
    <Modal
      hardwareAccelerated={false}
      onRequestClose={[Function]}
      transparent={true}
      visible={false}
    />
  </View>
</View>
`;

exports[`MessageImage should not render <MessageImage /> and compare with snapshot 1`] = `null`;
